
> server@0.0.1 build
> nest build

[96msrc/firebase/firebase.service.ts[0m:[93m2[0m:[93m42[0m - [91merror[0m[90m TS2307: [0mCannot find module 'firebase-admin/app' or its corresponding type declarations.

[7m2[0m import { initializeApp, cert, App } from 'firebase-admin/app';
[7m [0m [91m                                         ~~~~~~~~~~~~~~~~~~~~[0m
[96msrc/firebase/firebase.service.ts[0m:[93m3[0m:[93m41[0m - [91merror[0m[90m TS2307: [0mCannot find module 'firebase-admin/messaging' or its corresponding type declarations.

[7m3[0m import { getMessaging, Messaging } from 'firebase-admin/messaging';
[7m [0m [91m                                        ~~~~~~~~~~~~~~~~~~~~~~~~~~[0m

Found 2 error(s).

